// Jest Snapshot v1, https://goo.gl/fbAQLP

exports[`Overflow.Invalidate render item 1`] = `
<ul
  class=""
>
  <li
    class=""
    style="opacity: 1;"
  >
    Label 0
  </li>
  <li
    class=""
    style="opacity: 1;"
  >
    Label 1
  </li>
</ul>
`;

exports[`Overflow.Invalidate render raw 1`] = `
<ul
  class=""
>
  <li
    class=""
    style="opacity: 1;"
  >
    Label 0
  </li>
  <li
    class=""
    style="opacity: 1;"
  >
    Label 1
  </li>
</ul>
`;
